[    0.000000] Initializing cgroup subsys cpuset
[    0.000000] Initializing cgroup subsys cpu
[    0.000000] Initializing cgroup subsys cpuacct
[    0.000000] Linux version 4.4.0-170-generic (buildd@lcy01-amd64-019) (gcc version 5.4.0 20160609 (Ubuntu 5.4.0-6ubuntu1~16.04.12) ) #199-Ubuntu SMP Thu Nov 14 01:45:04 UTC 2019 (Ubuntu 4.4.0-170.199-generic 4.4.200)
[    0.000000] Command line: BOOT_IMAGE=/boot/vmlinuz-4.4.0-170-generic root=LABEL=cloudimg-rootfs ro console=tty1 console=ttyS0
[    0.000000] KERNEL supported cpus:
[    0.000000]   Intel GenuineIntel
[    0.000000]   AMD AuthenticAMD
[    0.000000]   Centaur CentaurHauls
[    0.000000] x86/fpu: xstate_offset[2]:  576, xstate_sizes[2]:  256
[    0.000000] x86/fpu: Supporting XSAVE feature 0x01: 'x87 floating point registers'
[    0.000000] x86/fpu: Supporting XSAVE feature 0x02: 'SSE registers'
[    0.000000] x86/fpu: Supporting XSAVE feature 0x04: 'AVX registers'
[    0.000000] x86/fpu: Enabled xstate features 0x7, context size is 832 bytes, using 'standard' format.
[    0.000000] e820: BIOS-provided physical RAM map:
[    0.000000] BIOS-e820: [mem 0x0000000000000000-0x000000000009fbff] usable
[    0.000000] BIOS-e820: [mem 0x000000000009fc00-0x000000000009ffff] reserved
[    0.000000] BIOS-e820: [mem 0x00000000000f0000-0x00000000000fffff] reserved
[    0.000000] BIOS-e820: [mem 0x0000000000100000-0x000000003ffeffff] usable
[    0.000000] BIOS-e820: [mem 0x000000003fff0000-0x000000003fffffff] ACPI data
[    0.000000] BIOS-e820: [mem 0x00000000fec00000-0x00000000fec00fff] reserved
[    0.000000] BIOS-e820: [mem 0x00000000fee00000-0x00000000fee00fff] reserved
[    0.000000] BIOS-e820: [mem 0x00000000fffc0000-0x00000000ffffffff] reserved
[    0.000000] NX (Execute Disable) protection: active
[    0.000000] SMBIOS 2.5 present.
[    0.000000] Hypervisor detected: KVM
[    0.000000] e820: last_pfn = 0x3fff0 max_arch_pfn = 0x400000000
[    0.000000] MTRR: Disabled
[    0.000000] x86/PAT: MTRRs disabled, skipping PAT initialization too.
[    0.000000] CPU MTRRs all blank - virtualized system.
[    0.000000] x86/PAT: Configuration [0-7]: WB  WT  UC- UC  WB  WT  UC- UC  
[    0.000000] found SMP MP-table at [mem 0x0009fff0-0x0009ffff] mapped at [ffff88000009fff0]
[    0.000000] Scanning 1 areas for low memory corruption
[    0.000000] RAMDISK: [mem 0x362fa000-0x37174fff]
[    0.000000] ACPI: Early table checksum verification disabled
[    0.000000] ACPI: RSDP 0x00000000000E0000 000024 (v02 VBOX  )
[    0.000000] ACPI: XSDT 0x000000003FFF0030 00003C (v01 VBOX   VBOXXSDT 00000001 ASL  00000061)
[    0.000000] ACPI: FACP 0x000000003FFF00F0 0000F4 (v04 VBOX   VBOXFACP 00000001 ASL  00000061)
[    0.000000] ACPI: DSDT 0x000000003FFF0470 0022EA (v02 VBOX   VBOXBIOS 00000002 INTL 20100528)
[    0.000000] ACPI: FACS 0x000000003FFF0200 000040
[    0.000000] ACPI: FACS 0x000000003FFF0200 000040
[    0.000000] ACPI: APIC 0x000000003FFF0240 00005C (v02 VBOX   VBOXAPIC 00000001 ASL  00000061)
[    0.000000] ACPI: SSDT 0x000000003FFF02A0 0001CC (v01 VBOX   VBOXCPUT 00000002 INTL 20100528)
[    0.000000] No NUMA configuration found
[    0.000000] Faking a node at [mem 0x0000000000000000-0x000000003ffeffff]
[    0.000000] NODE_DATA(0) allocated [mem 0x3ffeb000-0x3ffeffff]
[    0.000000] kvm-clock: Using msrs 4b564d01 and 4b564d00
[    0.000000] kvm-clock: cpu 0, msr 0:3ffe3001, primary cpu clock
[    0.000000] kvm-clock: using sched offset of 3601210704 cycles
[    0.000000] clocksource: kvm-clock: mask: 0xffffffffffffffff max_cycles: 0x1cd42e4dffb, max_idle_ns: 881590591483 ns
[    0.000000] Zone ranges:
[    0.000000]   DMA      [mem 0x0000000000001000-0x0000000000ffffff]
[    0.000000]   DMA32    [mem 0x0000000001000000-0x000000003ffeffff]
[    0.000000]   Normal   empty
[    0.000000]   Device   empty
[    0.000000] Movable zone start for each node
[    0.000000] Early memory node ranges
[    0.000000]   node   0: [mem 0x0000000000001000-0x000000000009efff]
[    0.000000]   node   0: [mem 0x0000000000100000-0x000000003ffeffff]
[    0.000000] Initmem setup node 0 [mem 0x0000000000001000-0x000000003ffeffff]
[    0.000000] ACPI: PM-Timer IO Port: 0x4008
[    0.000000] IOAPIC[0]: apic_id 2, version 32, address 0xfec00000, GSI 0-23
[    0.000000] ACPI: INT_SRC_OVR (bus 0 bus_irq 0 global_irq 2 dfl dfl)
[    0.000000] ACPI: INT_SRC_OVR (bus 0 bus_irq 9 global_irq 9 low level)
[    0.000000] Using ACPI (MADT) for SMP configuration information
[    0.000000] smpboot: Allowing 2 CPUs, 0 hotplug CPUs
[    0.000000] PM: Registered nosave memory: [mem 0x00000000-0x00000fff]
[    0.000000] PM: Registered nosave memory: [mem 0x0009f000-0x0009ffff]
[    0.000000] PM: Registered nosave memory: [mem 0x000a0000-0x000effff]
[    0.000000] PM: Registered nosave memory: [mem 0x000f0000-0x000fffff]
[    0.000000] e820: [mem 0x40000000-0xfebfffff] available for PCI devices
[    0.000000] Booting paravirtualized kernel on KVM
[    0.000000] clocksource: refined-jiffies: mask: 0xffffffff max_cycles: 0xffffffff, max_idle_ns: 7645519600211568 ns
[    0.000000] setup_percpu: NR_CPUS:512 nr_cpumask_bits:512 nr_cpu_ids:2 nr_node_ids:1
[    0.000000] PERCPU: Embedded 33 pages/cpu @ffff88003fc00000 s95448 r8192 d31528 u1048576
[    0.000000] Built 1 zonelists in Node order, mobility grouping on.  Total pages: 257912
[    0.000000] Policy zone: DMA32
[    0.000000] Kernel command line: BOOT_IMAGE=/boot/vmlinuz-4.4.0-170-generic root=LABEL=cloudimg-rootfs ro console=tty1 console=ttyS0
[    0.000000] PID hash table entries: 4096 (order: 3, 32768 bytes)
[    0.000000] Memory: 997728K/1048120K available (8626K kernel code, 1336K rwdata, 4036K rodata, 1488K init, 1288K bss, 50392K reserved, 0K cma-reserved)
[    0.000000] SLUB: HWalign=64, Order=0-3, MinObjects=0, CPUs=2, Nodes=1
[    0.000000] Kernel/User page tables isolation: enabled
[    0.000000] Hierarchical RCU implementation.
[    0.000000] 	Build-time adjustment of leaf fanout to 64.
[    0.000000] 	RCU restricting CPUs from NR_CPUS=512 to nr_cpu_ids=2.
[    0.000000] RCU: Adjusting geometry for rcu_fanout_leaf=64, nr_cpu_ids=2
[    0.000000] NR_IRQS:33024 nr_irqs:440 16
[    0.000000] Console: colour VGA+ 80x25
[    0.000000] console [tty1] enabled
[    0.000000] console [ttyS0] enabled
[    0.000000] tsc: Detected 2711.998 MHz processor
[    0.195625] Calibrating delay loop (skipped) preset value.. 5423.99 BogoMIPS (lpj=10847992)
[    0.197909] pid_max: default: 32768 minimum: 301
[    0.199334] ACPI: Core revision 20150930
[    0.202230] ACPI: 2 ACPI AML tables successfully acquired and loaded
[    0.203987] Security Framework initialized
[    0.205043] Yama: becoming mindful.
[    0.206032] AppArmor: AppArmor initialized
[    0.207240] Dentry cache hash table entries: 131072 (order: 8, 1048576 bytes)
[    0.211990] Inode-cache hash table entries: 65536 (order: 7, 524288 bytes)
[    0.213760] Mount-cache hash table entries: 2048 (order: 2, 16384 bytes)
[    0.215486] Mountpoint-cache hash table entries: 2048 (order: 2, 16384 bytes)
[    0.217479] Initializing cgroup subsys io
[    0.218692] Initializing cgroup subsys memory
[    0.219955] Initializing cgroup subsys devices
[    0.221185] Initializing cgroup subsys freezer
[    0.222412] Initializing cgroup subsys net_cls
[    0.223776] Initializing cgroup subsys perf_event
[    0.225117] Initializing cgroup subsys net_prio
[    0.226359] Initializing cgroup subsys hugetlb
[    0.227734] Initializing cgroup subsys pids
[    0.230660] mce: CPU supports 0 MCE banks
[    0.231849] Last level iTLB entries: 4KB 64, 2MB 8, 4MB 8
[    0.233266] Last level dTLB entries: 4KB 64, 2MB 0, 4MB 0, 1GB 4
[    0.234769] Spectre V1 : Mitigation: usercopy/swapgs barriers and __user pointer sanitization
[    0.237041] Spectre V2 : Mitigation: Full generic retpoline
[    0.238413] Spectre V2 : Spectre v2 / SpectreRSB mitigation: Filling RSB on context switch
[    0.240548] Speculative Store Bypass: Vulnerable
[    0.241796] MDS: Vulnerable: Clear CPU buffers attempted, no microcode
[    0.246696] Freeing SMP alternatives memory: 36K
[    0.255219] ftrace: allocating 32302 entries in 127 pages
[    0.331169] smpboot: APIC(0) Converting physical 0 to logical package 0
[    0.332984] smpboot: Max logical packages: 1
[    0.334569] x2apic enabled
[    0.335914] Switched APIC routing to physical x2apic.
[    0.338873] ..TIMER: vector=0x30 apic1=0 pin1=2 apic2=-1 pin2=-1
[    0.448538] smpboot: CPU0: Intel(R) Core(TM) i5-7200U CPU @ 2.50GHz (family: 0x6, model: 0x8e, stepping: 0x9)
[    0.451574] Performance Events: unsupported p6 CPU model 142 no PMU driver, software events only.
[    0.466905] KVM setup paravirtual spinlock
[    0.468847] x86: Booting SMP configuration:
[    0.470135] .... node  #0, CPUs:      #1
[    0.471546] kvm-clock: cpu 1, msr 0:3ffe3041, secondary cpu clock
[    0.474298] mce: CPU supports 0 MCE banks
[    0.477377] x86: Booted up 1 node, 2 CPUs
[    0.478738] smpboot: Total of 2 processors activated (10847.99 BogoMIPS)
[    0.480746] devtmpfs: initialized
[    0.483558] evm: security.selinux
[    0.484641] evm: security.SMACK64
[    0.485714] evm: security.SMACK64EXEC
[    0.486872] evm: security.SMACK64TRANSMUTE
[    0.488099] evm: security.SMACK64MMAP
[    0.489289] evm: security.ima
[    0.490360] evm: security.capability
[    0.491683] clocksource: jiffies: mask: 0xffffffff max_cycles: 0xffffffff, max_idle_ns: 7645041785100000 ns
[    0.494377] futex hash table entries: 512 (order: 3, 32768 bytes)
[    0.496190] pinctrl core: initialized pinctrl subsystem
[    0.497807] RTC time: 14:32:27, date: 01/08/20
[    0.499452] NET: Registered protocol family 16
[    0.509526] cpuidle: using governor ladder
[    0.521129] cpuidle: using governor menu
[    0.522548] PCCT header not found.
[    0.523932] ACPI: bus type PCI registered
[    0.525802] acpiphp: ACPI Hot Plug PCI Controller Driver version: 0.5
[    0.528103] PCI: Using configuration type 1 for base access
[    0.541906] ACPI: Added _OSI(Module Device)
[    0.543201] ACPI: Added _OSI(Processor Device)
[    0.544567] ACPI: Added _OSI(3.0 _SCP Extensions)
[    0.546169] ACPI: Added _OSI(Processor Aggregator Device)
[    0.548502] ACPI: Executed 1 blocks of module-level executable AML code
[    0.553365] ACPI: Interpreter enabled
[    0.554565] ACPI: (supports S0 S5)
[    0.555621] ACPI: Using IOAPIC for interrupt routing
[    0.557158] PCI: Using host bridge windows from ACPI; if necessary, use "pci=nocrs" and report a bug
[    0.563888] ACPI: PCI Root Bridge [PCI0] (domain 0000 [bus 00-ff])
[    0.565541] acpi PNP0A03:00: _OSC: OS supports [ASPM ClockPM Segments MSI]
[    0.567740] acpi PNP0A03:00: _OSC: not requesting OS control; OS requires [ExtendedConfig ASPM ClockPM MSI]
[    0.570406] acpi PNP0A03:00: fail to add MMCONFIG information, can't access extended PCI configuration space under this bridge.
[    0.573629] PCI host bridge to bus 0000:00
[    0.574834] pci_bus 0000:00: root bus resource [io  0x0000-0x0cf7 window]
[    0.576848] pci_bus 0000:00: root bus resource [io  0x0d00-0xffff window]
[    0.578670] pci_bus 0000:00: root bus resource [mem 0x000a0000-0x000bffff window]
[    0.580791] pci_bus 0000:00: root bus resource [mem 0x40000000-0xfdffffff window]
[    0.583164] pci_bus 0000:00: root bus resource [bus 00-ff]
[    0.587024] pci 0000:00:01.1: legacy IDE quirk: reg 0x10: [io  0x01f0-0x01f7]
[    0.588871] pci 0000:00:01.1: legacy IDE quirk: reg 0x14: [io  0x03f6]
[    0.590648] pci 0000:00:01.1: legacy IDE quirk: reg 0x18: [io  0x0170-0x0177]
[    0.592473] pci 0000:00:01.1: legacy IDE quirk: reg 0x1c: [io  0x0376]
[    0.630722] pci 0000:00:07.0: quirk: [io  0x4000-0x403f] claimed by PIIX4 ACPI
[    0.632983] pci 0000:00:07.0: quirk: [io  0x4100-0x410f] claimed by PIIX4 SMB
[    0.648857] ACPI: PCI Interrupt Link [LNKA] (IRQs 5 9 10 *11)
[    0.651270] ACPI: PCI Interrupt Link [LNKB] (IRQs 5 9 *10 11)
[    0.653474] ACPI: PCI Interrupt Link [LNKC] (IRQs 5 *9 10 11)
[    0.655700] ACPI: PCI Interrupt Link [LNKD] (IRQs 5 9 10 *11)
[    0.657964] ACPI: Enabled 2 GPEs in block 00 to 07
[    0.659887] vgaarb: setting as boot device: PCI:0000:00:02.0
[    0.661482] vgaarb: device added: PCI:0000:00:02.0,decodes=io+mem,owns=io+mem,locks=none
[    0.664014] vgaarb: loaded
[    0.664934] vgaarb: bridge control possible 0000:00:02.0
[    0.666764] SCSI subsystem initialized
[    0.668118] ACPI: bus type USB registered
[    0.669383] usbcore: registered new interface driver usbfs
[    0.670934] usbcore: registered new interface driver hub
[    0.672362] usbcore: registered new device driver usb
[    0.674203] PCI: Using ACPI for IRQ routing
[    0.675878] NetLabel: Initializing
[    0.676926] NetLabel:  domain hash size = 128
[    0.678281] NetLabel:  protocols = UNLABELED CIPSOv4
[    0.682649] NetLabel:  unlabeled traffic allowed by default
[    0.684465] amd_nb: Cannot enumerate AMD northbridges
[    0.686262] clocksource: Switched to clocksource kvm-clock
[    0.699591] AppArmor: AppArmor Filesystem Enabled
[    0.701076] pnp: PnP ACPI init
[    0.703052] pnp: PnP ACPI: found 3 devices
[    0.717409] clocksource: acpi_pm: mask: 0xffffff max_cycles: 0xffffff, max_idle_ns: 2085701024 ns
[    0.720012] NET: Registered protocol family 2
[    0.721467] TCP established hash table entries: 8192 (order: 4, 65536 bytes)
[    0.723379] TCP bind hash table entries: 8192 (order: 5, 131072 bytes)
[    0.725754] TCP: Hash tables configured (established 8192 bind 8192)
[    0.728159] UDP hash table entries: 512 (order: 2, 16384 bytes)
[    0.729765] UDP-Lite hash table entries: 512 (order: 2, 16384 bytes)
[    0.731526] NET: Registered protocol family 1
[    0.732797] pci 0000:00:00.0: Limiting direct PCI/PCI transfers
[    0.734447] pci 0000:00:01.0: Activating ISA DMA hang workarounds
[    0.736293] Unpacking initramfs...
[    1.002465] Freeing initrd memory: 14828K
[    1.004260] clocksource: tsc: mask: 0xffffffffffffffff max_cycles: 0x27178451938, max_idle_ns: 440795251172 ns
[    1.008114] platform rtc_cmos: registered platform RTC device (no PNP device found)
[    1.011258] Scanning for low memory corruption every 60 seconds
[    1.014088] audit: initializing netlink subsys (disabled)
[    1.017078] audit: type=2000 audit(1578493952.511:1): initialized
[    1.018941] Initialise system trusted keyring
[    1.022534] HugeTLB registered 2 MB page size, pre-allocated 0 pages
[    1.026296] zbud: loaded
[    1.027776] VFS: Disk quotas dquot_6.6.0
[    1.029489] VFS: Dquot-cache hash table entries: 512 (order 0, 4096 bytes)
[    1.032150] squashfs: version 4.0 (2009/01/31) Phillip Lougher
[    1.034900] fuse init (API version 7.23)
[    1.036384] Key type big_key registered
[    1.037628] Allocating IMA MOK and blacklist keyrings.
[    1.041139] Key type asymmetric registered
[    1.042582] Asymmetric key parser 'x509' registered
[    1.044055] Block layer SCSI generic (bsg) driver version 0.4 loaded (major 249)
[    1.046594] io scheduler noop registered
[    1.047753] io scheduler deadline registered (default)
[    1.049273] io scheduler cfq registered
[    1.050471] pci_hotplug: PCI Hot Plug PCI Core version: 0.5
[    1.051841] pciehp: PCI Express Hot Plug Controller Driver version: 0.4
[    1.053722] ACPI: AC Adapter [AC] (on-line)
[    1.055115] input: Power Button as /devices/LNXSYSTM:00/LNXPWRBN:00/input/input0
[    1.057290] ACPI: Power Button [PWRF]
[    1.058556] input: Sleep Button as /devices/LNXSYSTM:00/LNXSLPBN:00/input/input1
[    1.061607] ACPI: Sleep Button [SLPF]
[    1.064277] ACPI: Battery Slot [BAT0] (battery present)
[    1.065663] GHES: HEST is not enabled!
[    1.066769] Serial: 8250/16550 driver, 32 ports, IRQ sharing enabled
[    1.088962] 00:02: ttyS0 at I/O 0x3f8 (irq = 4, base_baud = 115200) is a 16550A
[    1.092271] Linux agpgart interface v0.103
[    1.095858] loop: module loaded
[    1.097726] scsi host0: ata_piix
[    1.099151] scsi host1: ata_piix
[    1.100232] ata1: PATA max UDMA/33 cmd 0x1f0 ctl 0x3f6 bmdma 0xd000 irq 14
[    1.102018] ata2: PATA max UDMA/33 cmd 0x170 ctl 0x376 bmdma 0xd008 irq 15
[    1.104261] libphy: Fixed MDIO Bus: probed
[    1.105661] tun: Universal TUN/TAP device driver, 1.6
[    1.107129] tun: (C) 1999-2004 Max Krasnyansky <maxk@qualcomm.com>
[    1.108813] PPP generic driver version 2.4.2
[    1.110077] ehci_hcd: USB 2.0 'Enhanced' Host Controller (EHCI) Driver
[    1.111754] ehci-pci: EHCI PCI platform driver
[    1.112993] ehci-platform: EHCI generic platform driver
[    1.114363] ohci_hcd: USB 1.1 'Open' Host Controller (OHCI) Driver
[    1.116003] ohci-pci: OHCI PCI platform driver
[    1.117394] ohci-platform: OHCI generic platform driver
[    1.118982] uhci_hcd: USB Universal Host Controller Interface driver
[    1.120720] i8042: PNP: PS/2 Controller [PNP0303:PS2K,PNP0f03:PS2M] at 0x60,0x64 irq 1,12
[    1.123688] serio: i8042 KBD port at 0x60,0x64 irq 1
[    1.125059] serio: i8042 AUX port at 0x60,0x64 irq 12
[    1.126671] mousedev: PS/2 mouse device common for all mice
[    1.128675] rtc_cmos rtc_cmos: rtc core: registered rtc_cmos as rtc0
[    1.130445] rtc_cmos rtc_cmos: alarms up to one day, 114 bytes nvram
[    1.132135] i2c /dev entries driver
[    1.133337] input: AT Translated Set 2 keyboard as /devices/platform/i8042/serio0/input/input2
[    1.136019] device-mapper: uevent: version 1.0.3
[    1.137516] device-mapper: ioctl: 4.34.0-ioctl (2015-10-28) initialised: dm-devel@redhat.com
[    1.139947] ledtrig-cpu: registered to indicate activity on CPUs
[    1.142285] NET: Registered protocol family 10
[    1.143921] NET: Registered protocol family 17
[    1.145257] Key type dns_resolver registered
[    1.146766] registered taskstats version 1
[    1.148090] Loading compiled-in X.509 certificates
[    1.149985] Loaded X.509 cert 'Build time autogenerated kernel key: f0e56e97f406068ace47a9bf54316e9855aaaa43'
[    1.152756] zswap: loaded using pool lzo/zbud
[    1.156794] Key type trusted registered
[    1.162936] Key type encrypted registered
[    1.164212] AppArmor: AppArmor sha1 policy hashing enabled
[    1.165717] ima: No TPM chip found, activating TPM-bypass!
[    1.167274] ima: Allocated hash algorithm: sha1
[    1.168618] evm: HMAC attrs: 0x1
[    1.170265]   Magic number: 4:531:535
[    1.171447] tty ttyS15: hash matches
[    1.172774] rtc_cmos rtc_cmos: setting system clock to 2020-01-08 14:32:27 UTC (1578493947)
[    1.175391] BIOS EDD facility v0.16 2004-Jun-25, 0 devices found
[    1.177751] EDD information not available.
[    1.264654] Freeing unused kernel memory: 1488K
[    1.267650] Write protecting the kernel read-only data: 14336k
[    1.272064] Freeing unused kernel memory: 1604K
[    1.275237] Freeing unused kernel memory: 60K
Loading, please wait...
starting version 229
[    1.305745] random: systemd-udevd: uninitialized urandom read (16 bytes read, 3 bits of entropy available)
[    1.307343] random: udevadm: uninitialized urandom read (16 bytes read, 3 bits of entropy available)
[    1.307381] random: udevadm: uninitialized urandom read (16 bytes read, 3 bits of entropy available)
[    1.315840] random: systemd-udevd: uninitialized urandom read (16 bytes read, 3 bits of entropy available)
[    1.319787] random: systemd-udevd: uninitialized urandom read (16 bytes read, 3 bits of entropy available)
[    1.323118] random: udevadm: uninitialized urandom read (16 bytes read, 3 bits of entropy available)
[    1.323175] random: udevadm: uninitialized urandom read (16 bytes read, 3 bits of entropy available)
[    1.323365] random: udevadm: uninitialized urandom read (16 bytes read, 3 bits of entropy available)
[    1.323433] random: udevadm: uninitialized urandom read (16 bytes read, 3 bits of entropy available)
[    1.323500] random: udevadm: uninitialized urandom read (16 bytes read, 3 bits of entropy available)
[    1.385914] e1000: Intel(R) PRO/1000 Network Driver - version 7.3.21-k8-NAPI
[    1.388569] e1000: Copyright (c) 1999-2006 Intel Corporation.
[    1.393637] Fusion MPT base driver 3.04.20
[    1.395238] Copyright (c) 1999-2008 LSI Corporation
[    1.430102] Fusion MPT SPI Host driver 3.04.20
[    1.444101] AVX2 version of gcm_enc/dec engaged.
[    1.445349] AES CTR mode by8 optimization enabled
[    1.648114] input: ImExPS/2 Generic Explorer Mouse as /devices/platform/i8042/serio1/input/input4
[    1.830340] e1000 0000:00:03.0 eth0: (PCI:33MHz:32-bit) 02:dd:45:a7:5d:a0
[    1.832168] e1000 0000:00:03.0 eth0: Intel(R) PRO/1000 Network Connection
[    1.834800] mptbase: ioc0: Initiating bringup
[    1.898992] ioc0: LSI53C1030 A0: Capabilities={Initiator}
[    2.068694] scsi host2: ioc0: LSI53C1030 A0, FwRev=00000000h, Ports=1, MaxQ=256, IRQ=20
[    2.186805] scsi 2:0:0:0: Direct-Access     VBOX     HARDDISK         1.0  PQ: 0 ANSI: 5
[    2.189925] scsi target2:0:0: Beginning Domain Validation
[    2.194203] scsi target2:0:0: Domain Validation skipping write tests
[    2.195900] scsi target2:0:0: Ending Domain Validation
[    2.197374] scsi target2:0:0: asynchronous
[    2.199778] scsi 2:0:1:0: Direct-Access     VBOX     HARDDISK         1.0  PQ: 0 ANSI: 5
[    2.202117] scsi target2:0:1: Beginning Domain Validation
[    2.206729] scsi target2:0:1: Domain Validation skipping write tests
[    2.208306] scsi target2:0:1: Ending Domain Validation
[    2.209801] scsi target2:0:1: asynchronous
[    2.243288] sd 2:0:0:0: Attached scsi generic sg0 type 0
[    2.245911] sd 2:0:1:0: [sdb] 20480 512-byte logical blocks: (10.5 MB/10.0 MiB)
[    2.249124] sd 2:0:0:0: [sda] 20971520 512-byte logical blocks: (10.7 GB/10.0 GiB)
[    2.249125] sd 2:0:1:0: Attached scsi generic sg1 type 0
[    2.249623] sd 2:0:1:0: [sdb] Write Protect is off
[    2.249788] sd 2:0:1:0: [sdb] Incomplete mode parameter data
[    2.249790] sd 2:0:1:0: [sdb] Assuming drive cache: write through
[    2.252937] sd 2:0:1:0: [sdb] Attached SCSI disk
[    2.261149] sd 2:0:0:0: [sda] Write Protect is off
[    2.262955] sd 2:0:0:0: [sda] Incomplete mode parameter data
[    2.264442] sd 2:0:0:0: [sda] Assuming drive cache: write through
[    2.271343]  sda: sda1
[    2.273377] sd 2:0:0:0: [sda] Attached SCSI disk
[    2.580847] e1000 0000:00:08.0 eth1: (PCI:33MHz:32-bit) 08:00:27:0b:37:51
[    2.582571] e1000 0000:00:08.0 eth1: Intel(R) PRO/1000 Network Connection
[    2.585332] e1000 0000:00:08.0 enp0s8: renamed from eth1
[    2.606595] e1000 0000:00:03.0 enp0s3: renamed from eth0
Begin: Loading essential drivers ... [    4.131829] md: linear personality registered for level -1
[    4.136669] md: multipath personality registered for level -4
[    4.141583] md: raid0 personality registered for level 0
[    4.147868] md: raid1 personality registered for level 1
[    4.218619] raid6: sse2x1   gen() 10348 MB/s
[    4.286517] raid6: sse2x1   xor()  7837 MB/s
[    4.354796] raid6: sse2x2   gen()  9372 MB/s
[    4.422598] raid6: sse2x2   xor()  8284 MB/s
[    4.490483] raid6: sse2x4   gen() 14499 MB/s
[    4.558804] raid6: sse2x4   xor() 10060 MB/s
[    4.626636] raid6: avx2x1   gen() 19668 MB/s
[    4.694460] raid6: avx2x2   gen() 23494 MB/s
[    4.762780] raid6: avx2x4   gen() 25798 MB/s
[    4.764029] raid6: using algorithm avx2x4 gen() 25798 MB/s
[    4.765442] raid6: using avx2x2 recovery algorithm
[    4.768330] xor: automatically using best checksumming function:
[    4.806618]    avx       : 26602.000 MB/sec
[    4.809502] async_tx: api initialized (async)
[    4.824202] md: raid6 personality registered for level 6
[    4.825728] md: raid5 personality registered for level 5
[    4.827319] md: raid4 personality registered for level 4
[    4.839999] md: raid10 personality registered for level 10
done.
Begin: Running /scripts/init-premount ... done.
Begin: Mounting root file system ... Begin: Running /scripts/local-top ... done.
Begin: Running /scripts/local-premount ... [    4.877283] Btrfs loaded
Scanning for Btrfs filesystems
done.
Warning: fsck not present, so skipping root file system
[    4.915019] EXT4-fs (sda1): mounted filesystem with ordered data mode. Opts: (null)
done.
Begin: Running /scripts/local-bottom ... done.
Begin: Running /scripts/init-bottom ... done.
[    5.022272] systemd[1]: systemd 229 running in system mode. (+PAM +AUDIT +SELINUX +IMA +APPARMOR +SMACK +SYSVINIT +UTMP +LIBCRYPTSETUP +GCRYPT +GNUTLS +ACL +XZ -LZ4 +SECCOMP +BLKID +ELFUTILS +KMOD -IDN)
[    5.026835] systemd[1]: Detected virtualization oracle.
[    5.028307] systemd[1]: Detected architecture x86-64.

Welcome to [1mUbuntu 16.04.6 LTS[0m!

[    5.032771] systemd[1]: Set hostname to <ubuntu>.
[    5.036526] systemd[1]: Initializing machine ID from random generator.
[    5.038256] systemd[1]: Installed transient /etc/machine-id file.
[    5.192055] systemd[1]: Listening on Device-mapper event daemon FIFOs.
[[0;32m  OK  [0m] Listening on Device-mapper event daemon FIFOs.
[    5.194723] systemd[1]: Listening on Syslog Socket.
[[0;32m  OK  [0m] Listening on Syslog Socket.
[    5.203748] systemd[1]: Listening on Journal Audit Socket.
[[0;32m  OK  [0m] Listening on Journal Audit Socket.
[    5.207332] systemd[1]: Set up automount Arbitrary Executable File Formats File System Automount Point.
[[0;32m  OK  [0m] Set up automount Arbitrary Executab...ats File System Automount Point.
[    5.211749] systemd[1]: Listening on LVM2 poll daemon socket.
[[0;32m  OK  [0m] Listening on LVM2 poll daemon socket.
[    5.214825] systemd[1]: Created slice System Slice.
[[0;32m  OK  [0m] Created slice System Slice.
[    5.222548] systemd[1]: Listening on udev Kernel Socket.
[[0;32m  OK  [0m] Listening on udev Kernel Socket.
[    5.225296] systemd[1]: Listening on Journal Socket.
[[0;32m  OK  [0m] Listening on Journal Socket.
[    5.238693] systemd[1]: Mounting Huge Pages File System...
         Mounting Huge Pages File System...
[    5.242663] systemd[1]: Starting Remount Root and Kernel File Systems...
         Starting Remount Root and Kernel File Systems...
[    5.246922] systemd[1]: Mounting Debug File System...
         Mounting Debug File System...
[    5.249857] systemd[1]: Starting Create list of required static device nodes for the current kernel...
[    5.251366] EXT4-fs (sda1): re-mounted. Opts: (null)
         Starting Create list of required st... nodes for the current kernel...
[    5.263770] systemd[1]: Starting Nameserver information manager...
         Starting Nameserver information manager...
[    5.266689] systemd[1]: Listening on LVM2 metadata daemon socket.
[[0;32m  OK  [0m] Listening on LVM2 metadata daemon socket.
[    5.270106] systemd[1]: Starting Monitoring of LVM2 mirrors, snapshots etc. using dmeventd or progress polling...
         Starting Monitoring of LVM2 mirrors... dmeventd or progress polling...
[    5.274074] systemd[1]: Reached target Swap.
[[0;32m  OK  [0m] Reached target Swap.
[    5.276594] systemd[1]: Created slice system-serial\x2dgetty.slice.
[[0;32m  OK  [0m] Created slice system-serial\x2dgetty.slice.
[    5.294507] systemd[1]: Starting Set console keymap...
         Starting Set console keymap...
[    5.297146] systemd[1]: Reached target System Time Synchronized.
[[0;32m  OK  [0m] Reached target System Time Synchronized.
[    5.300722] systemd[1]: Started Forward Password Requests to Wall Directory Watch.
[[0;32m  OK  [0m] Started Forward Password Requests to Wall Directory Watch.
[    5.310033] systemd[1]: Starting Load Kernel Modules...
         Starting Load Kernel Modules...
[    5.313165] systemd[1]: Reached target Encrypted Volumes.
[[0;32m  OK  [0m] Reached target Encrypted Volumes.
[    5.322687] systemd[1]: Listening on Journal Socket (/dev/log).
[[0;32m  OK  [0m] Listening on Journal Socket (/dev/log).
[    5.328065] Loading iSCSI transport class v2.0-870.
[    5.330868] systemd[1]: Starting Journal Service...
         Starting Journal Service...
[    5.334484] systemd[1]: Mounting POSIX Message Queue File System...
         Mounting POSIX Message Queue File System...
[    5.337454] systemd[1]: Listening on udev Control Socket.
[[0;32m  OK  [0m] Listening on udev Control Socket.
[    5.340921] systemd[1]: Reached target User and Group Name Lookups.
[[0;32m  OK  [0m] Reached target User and Group Name Lookups.
[    5.344475] systemd[1]: Started Trigger resolvconf update for networkd DNS.
[[0;32m  OK  [0m] Started Trigger resolvconf update for networkd DNS.
[    5.348094] systemd[1]: Listening on /dev/initctl Compatibility Named Pipe.
[[0;32m  OK  [0m] Listening on /dev/initctl Compatibility Named Pipe.
[    5.352305] systemd[1]: Created slice User and Session Slice.
[[0;32m  OK  [0m] Created slice User and Session Slice.
[    5.355441] systemd[1]: Reached target Slices.
[[0;32m  OK  [0m] Reached target Slices.
[    5.359058] systemd[1]: Starting Uncomplicated firewall...
         Starting Uncomplicated firewall...
[    5.367624] systemd[1]: Mounted POSIX Message Queue File System.
[[0;32m  OK  [0m] Mounted POSIX Message Queue File System.
[    5.371166] systemd[1]: Mounted Debug File System.
[[0;32m  OK  [0m] Mounted Debug File System.
[    5.373821] systemd[1]: Mounted Huge Pages File System.
[[0;32m  OK  [0m] Mounted Huge Pages File System.
[    5.381976] iscsi: registered transport (tcp)
[    5.383895] systemd[1]: Started Remount Root and Kernel File Systems.
[[0;32m  OK  [0m] Started Remount Root and Kernel File Systems.
[    5.387896] systemd[1]: Started Create list of required static device nodes for the current kernel.
[[0;32m  OK  [0m] Started Create list of required sta...ce nodes for the current kernel.
[    5.403833] systemd[1]: Started Uncomplicated firewall.
[[0;32m  OK  [0m] Started Uncomplicated firewall.
[    5.408224] systemd[1]: Started Nameserver information manager.
[[0;32m  OK  [0m] Started Nameserver information manager.
[    5.420051] systemd[1]: Started Journal Service.
[[0;32m  OK  [0m] Started Journal Service.
[    5.445875] iscsi: registered transport (iser)
[[0;32m  OK  [0m] Started LVM2 metadata daemon.
         Starting Create Static Device Nodes in /dev...
         Starting Load/Save Random Seed...
         Starting udev Coldplug all Devices...
         Starting Flush Journal to Persistent Storage...
[[0;32m  OK  [0m] Started Set console keymap.
[[0;32m  OK  [0m] Started Load Kernel Modules.
[[0;32m  OK  [0m] Started Load/Save Random Seed.
         Starting Apply Kernel Variables...
         Mounting FUSE Control File System...
[    5.489877] systemd-journald[393]: Received request to flush runtime journal from PID 1
[[0;32m  OK  [0m] Started Flush Journal to Persistent Storage.
[[0;32m  OK  [0m] Mounted FUSE Control File System.
[[0;32m  OK  [0m] Started Create Static Device Nodes in /dev.
         Starting udev Kernel Device Manager...
[[0;32m  OK  [0m] Started Apply Kernel Variables.
[[0;32m  OK  [0m] Started udev Kernel Device Manager.
[[0;32m  OK  [0m] Started udev Coldplug all Devices.
[[0;32m  OK  [0m] Started Dispatch Password Requests to Console Directory Watch.
[[0;32m  OK  [0m] Found device /dev/ttyS0.
[[0;32m  OK  [0m] Listening on Load/Save RF Kill Switch Status /dev/rfkill Watch.
[[0;32m  OK  [0m] Started Monitoring of LVM2 mirrors,...ng dmeventd or progress polling.
[[0;32m  OK  [0m] Reached target Local File Systems (Pre).
[[0;32m  OK  [0m] Reached target Local File Systems.
         Starting Create Volatile Files and Directories...
         Starting Tell Plymouth To Write Out Runtime Data...
         Starting Commit a transient machine-id on disk...
         Starting Initial cloud-init job (pre-networking)...
         Starting LSB: AppArmor initialization...
         Starting Set console font and keymap...
[[0;32m  OK  [0m] Started Create Volatile Files and Directories.
[[0;32m  OK  [0m] Started Tell Plymouth To Write Out Runtime Data.
[[0;32m  OK  [0m] Started Commit a transient machine-id on disk.
         Starting Update UTMP about System Boot/Shutdown...
[[0;32m  OK  [0m] Started Update UTMP about System Boot/Shutdown.
[[0;32m  OK  [0m] Started Set console font and keymap.
[[0;32m  OK  [0m] Created slice system-getty.slice.
[    8.222309] cloud-init[628]: Cloud-init v. 19.2-36-g059d049c-0ubuntu2~16.04.1 running 'init-local' at Wed, 08 Jan 2020 14:32:34 +0000. Up 7.50 seconds.
[[0;32m  OK  [0m] Started Initial cloud-init job (pre-networking).
[[0;32m  OK  [0m] Reached target Network (Pre).
[[0;32m  OK  [0m] Started LSB: AppArmor initialization.
         Starting Raise network interfaces...
[[0;32m  OK  [0m] Started Raise network interfaces.
         Starting Initial cloud-init job (metadata service crawler)...
[[0;32m  OK  [0m] Reached target Network.
[   10.055072] cloud-init[965]: Cloud-init v. 19.2-36-g059d049c-0ubuntu2~16.04.1 running 'init' at Wed, 08 Jan 2020 14:32:35 +0000. Up 9.35 seconds.
[   10.064621] cloud-init[965]: ci-info: ++++++++++++++++++++++++++++++++++++++Net device info+++++++++++++++++++++++++++++++++++++++
[   10.076381] cloud-init[965]: ci-info: +--------+-------+----------------------------+---------------+--------+-------------------+
[   10.085105] cloud-init[965]: ci-info: | Device |   Up  |          Address           |      Mask     | Scope  |     Hw-Address    |
[   10.093421] cloud-init[965]: ci-info: +--------+-------+----------------------------+---------------+--------+-------------------+
[   10.100721] cloud-init[965]: ci-info: | enp0s3 |  True |         10.0.2.15          | 255.255.255.0 | global | 02:dd:45:a7:5d:a0 |
[   10.108540] cloud-init[965]: ci-info: | enp0s3 |  True | fe80::dd:45ff:fea7:5da0/64 |       .       |  link  | 02:dd:45:a7:5d:a0 |
[[0;32m  OK  [0m] Started Initial cloud-init job (metadata service crawler).
[[   10.123418] cloud-init[965]: ci-info: | enp0s8 | False |             .              |       .       |   .    | 08:00:27:0b:37:51 |
[   10.124600] cloud-init[965]: ci-info: |   lo   |  True |         127.0.0.1          |   255.0.0.0   |  host  |         .         |
[   10.126258] cloud-init[965]: ci-info: |   lo   |  True |          ::1/128           |       .       |  host  |         .         |
[   10.127919] [0;32m  OK  [0m] Reached target Cloud-config availability.
[[0;32m  OK  [0m] Reached target System Initialization.
[[0;32m  OK  [0m] Started Daily apt download activities.
cloud-init[965]: ci-info: +--------+-------+----------------------------+---------------+--------+-------------------+
[   10.136345] cloud-init[965]: ci-info: +++++++++++++++++++++++++++Route IPv4 info++++++++++++++++++++++++++++
[   10.137468] cloud-init[965]: ci-info: +-------+-------------+----------+---------------+-----------+-------+
         Starting LXD - unix socket.
[[0;32m  OK  [0m] Started Daily Cleanup of Temporary Directories.
[[0;32m  OK  [0m] Listening on D-Bus System Message Bus Socket.
[[0;32m  OK  [0m] Listening on UUID daemon activation socket.
[   10.147987] cloud-init[965]: ci-info: | Route | Destination | Gateway  |    Genmask    | Interface | Flags |
[   10.760435] cloud-init[965]: ci-info: +-------+-------------+----------+---------------+-----------+-------+
[   10.762443] cloud-init[965]: ci-info: |   0   |   0.0.0.0   | 10.0.2.2 |    0.0.0.0    |   enp0s3  |   UG  |
[   10.763812] [[0;32m  OK  [0m] Started ACPI Events Check.
[[0;32m  OK  [0m] Reached target Paths.
[[0;32m  OK  [0m] Listening on ACPID Listen Socket.
[[0;32m  OK  [0m] Started Message of the Day.
[[0;32m  OK  [0m] Started Daily apt upgrade and clean activities.
         Starting Socket activation for snappy daemon.
cloud-init[965]: ci-info: |   1   |   10.0.2.0  | 0.0.0.0  | 255.255.255.0 |   enp0s3  |   U   |
[   10.769315] cloud-init[965]: ci-info: +-------+-------------+----------+---------------+-----------+-------+
[[0;32m  OK  [0m[   10.769549] ] cloud-initReached target Timers.[965]: 
ci-info: +++++++++++++++++++Route IPv6 info+++++++++++++++++++
[   10.769672] cloud-init[965]: ci-info: +-------+-------------+---------+-----------+-------+
[   10.773447] cloud-init[965]: ci-info: | Route | Destination | Gateway | Interface | Flags |
[   10.773754] cloud-init[965]: ci-info: +-------+-------------+---------+-----------+-------+
[[0;32m  OK  [0m] Reached target Network is Online.
[   10.774349] cloud-init[965]: ci-info: |   0   |  fe80::/64  |    ::   |   enp0s3  |   U   |
[   10.782663] cloud-init[965]: ci-info: |   3   |   ff00::/8  |    ::   |   enp0s3  |   U   |
[   10.784758] cloud-init[965]: ci-info: +-------+-------------+---------+-----------+-------+
[   10.786463] cloud-init[965]: Generating public/private rsa key pair.
[   10.788009] cloud-init[965]: Your identification has been saved in /etc/ssh/ssh_host_rsa_key.
[   10.789944] cloud-init[965]: Your public key has been saved in /etc/ssh/ssh_host_rsa_key.pub.
[   10.791527] cloud-init[965]: The key fingerprint is:
[   10.792863] cloud-init[965]: SHA256:lNIdy6OtGLTBb8oirBiRreaBIPnni+RxbUcI4+6iCPg root@ubuntu-xenial
         Starting iSCSI initiator daemon (iscsid)...
[[0;32m  OK  [0m] Listening on LXD - unix socket.
[[0;32m  OK  [0m] Listening on Socket activation for snappy daemon.
[   10.810268] cloud-init[965]: The key's randomart image is:
[   10.824267] cloud-init[965]: +---[RSA 2048]----+
[   10.825193] cloud-init[965]: |          .      |
[   10.825979] cloud-init[965]: |     . . + o     |
[   10.834755] cloud-init[965]: |    o = + =      |
[   10.834957] cloud-init[965]: | + . + B o .     |
[   10.835889] cloud-init[965]: |* . . + S .      |
[   10.837024] cloud-init[965]: |== . o * .       |
[   10.837606] cloud-init[965]: |*o* = * o        |
[   10.838337] cloud-init[965]: |**oO o .         |
[   10.838525] cloud-init[965]: |=oE.+.           |
[   10.838710] cloud-init[965]: +----[SHA256]-----+
[   10.839278] cloud-init[965]: Generating public/private dsa key pair.
[   10.839451] cloud-init[965]: Your identification has been saved in /etc/ssh/ssh_host_dsa_key.
[   10.839797] cloud-init[965]: Your public key has been saved in /etc/ssh/ssh_host_dsa_key.pub.
[   10.840820] cloud-init[965]: The key fingerprint is:
[   10.841328] cloud-init[965]: SHA256:aHQThb1mCtY3PpUDUQ+hg7EaMd6u2Hzhp5ST/UY0JT4 root@ubuntu-xenial
[   10.841717] cloud-init[965]: The key's randomart image is:
[   10.842339] cloud-init[965]: +---[DSA 1024]----+
[   10.842676] cloud-init[965]: |      o o+oo+.   |
[   10.843217] cloud-init[965]: |     . +.=o..o.  |
[   10.843574] cloud-init[965]: |      +.* o+ +.  |
[   10.844150] cloud-init[965]: |     .o*..*.E    |
[   10.844675] cloud-init[965]: |     .+.S* + +   |
[   10.845238] cloud-init[965]: |     = o.=o .    |
[   10.845576] cloud-init[965]: |    . + B oo     |
[   10.846163] cloud-init[965]: |       o + ..    |
[   10.846550] cloud-init[965]: |        .  ..    |
[   10.847138] cloud-init[965]: +----[SHA256]-----+
[   10.847503] cloud-init[965]: Generating public/private ecdsa key pair.
[   10.848034] cloud-init[965]: Your identification has been saved in /etc/ssh/ssh_host_ecdsa_key.
[   10.848267] cloud-init[965]: Your public key has been saved in /etc/ssh/ssh_host_ecdsa_key.pub.
[   10.848837] cloud-init[965]: The key fingerprint is:
[[   10.849833] cloud-init[965]: SHA256:vpqYMBV9iJ7/nqZ74lp5j6g2tva38Cp0ZP/IwQulsLM root@ubuntu-xenial
[   10.853952] cloud-init[965]: The key's randomart image is:
[   10.854047] cloud-init[965]: +---[ECDSA 256]---+
[   10.854239] cloud-init[965]: |                 |
[   10.854456] cloud-init[965]: |     o .         |
[   10.854664] cloud-init[965]: |    o o .        |
[   10.854985] cloud-init[965]: |   ..oo..        |
[   10.855310] cloud-init[965]: |    += =S        |
[   10.855708] cloud-init[965]: |   .+.+o+        |
[   10.855781] cloud-init[965]: |  o. +=oo=       |
[   10.855865] cloud-init[965]: |   oE+.BB=.      |
[   10.855936] cloud-init[965]: |   +*OX@O..      |
[   10.856019] cloud-init[965]: +----[SHA256]-----+
[   10.856756] cloud-init[965]: Generating public/private ed25519 key pair.
[   10.857320] cloud-init[965]: Your identification has been saved in /etc/ssh/ssh_host_ed25519_key.
[   10.857909] cloud-init[965]: Your public key has been saved in /etc/ssh/ssh_host_ed25519_key.pub.
[   10.858497] cloud-init[965]: The key fingerprint is:
[   10.859048] cloud-init[965]: SHA256:qjZqjNx/mOCi8mftbZhTXjjdRjfRaJP0jYGA4oAMRvA root@ubuntu-xenial
[   10.859463] cloud-init[965]: The key's randomart image is:
[   10.860449] cloud-init[965]: +--[ED25519 256]--+
[   10.861157] cloud-init[965]: |== .     ... oo+ |
[   10.861843] cloud-init[965]: |..o . . .   . *+o|
[   10.862699] cloud-init[965]: |  E  o .     ..oo|
[   10.863163] cloud-init[965]: |      .     . o  |
[   10.863832] cloud-init[965]: |        So o . . |
[   10.864511] cloud-init[965]: |   .   .+ o o    |
[   10.865167] cloud-init[965]: |.oo ..+= o .     |
[   10.865871] cloud-init[965]: |oooo=+=oo        |
[   10.866524] cloud-init[965]: |+o+=o+oo.        |
[   10.867181] cloud-init[965]: +----[SHA256]-----+
[0;32m  OK  [0m] Reached target Sockets.
[[0;32m  OK  [0m] Reached target Basic System.
         Starting Login Service...
         Starting LSB: MD monitoring daemon...
         Starting /etc/rc.local Compatibility...
[[0;32m  OK  [0m] Started D-Bus System Message Bus.
         Starting Snappy daemon...
         Starting LSB: Record successful boot for GRUB...
         Starting Virtualbox guest utils...
[[0;32m  OK  [0m] Started ACPI event daemon.
[[0;32m  OK  [0m] Started Regular background program processing daemon.
         Starting LXD - container startup/shutdown...
         Starting Accounts Service...
[[0;32m  OK  [0m] Started Deferred execution scheduler.
         Starting System Logging Service...
[[0;32m  OK  [0m] Started FUSE filesystem for LXC.
         Starting Pollinate to seed the pseudo random number generator...
[[0;32m  OK  [0m] Started iSCSI initiator daemon (iscsid).
[[0;32m  OK  [0m] Started /etc/rc.local Compatibility.
         Starting Login to default iSCSI targets...
[[0;32m  OK  [0m] Started Login Service.
[[0;32m  OK  [0m] Started Unattended Upgrades Shutdown.
[[0;32m  OK  [0m] Started LSB: Record successful boot for GRUB.
[[0;32m  OK  [0m] Started System Logging Service.
[[0;32m  OK  [0m] Started Login to default iSCSI targets.
[[0;32m  OK  [0m] Reached target Remote File Systems (Pre).
[[0;32m  OK  [0m] Reached target Remote File Systems.
         Starting LSB: daemon to balance interrupts for SMP systems...
         Starting Permit User Sessions...
         Starting LSB: automatic crash report generation...
         Starting LSB: Set the CPU Frequency Scaling governor to "ondemand"...
[[0;32m  OK  [0m] Started LSB: MD monitoring daemon.
[[0;32m  OK  [0m] Started Permit User Sessions.
         Starting Terminate Plymouth Boot Screen...
         Starting Hold until boot process finishes up...
[[0;32m  OK  [0m] Started Terminate Plymouth Boot Screen.
[[0;32m  OK  [0m] Started Hold until boot process finishes up.
[[0;32m  OK  [0m] Started LSB: Set the CPU Frequency Scaling governor to "ondemand".
[[0;32m  OK  [0m] Started Getty on tty1.
[[0;32m  OK  [0m] Started Serial Getty on ttyS0.
[[0;32m  OK  [0m] Reached target Login Prompts.
         Starting Set console scheme...
[[0;32m  OK  [0m] Started LSB: daemon to balance interrupts for SMP systems.
[[0;32m  OK  [0m] Started Set console scheme.
         Starting Authenticate and Authorize Users to Run Privileged Tasks...
[[0;32m  OK  [0m] Started LXD - container startup/shutdown.
[[0;32m  OK  [0m] Started LSB: automatic crash report generation.
[[0;32m  OK  [0m] Started Virtualbox guest utils.
[[0;32m  OK  [0m] Started Authenticate and Authorize Users to Run Privileged Tasks.
[[0;32m  OK  [0m] Started Accounts Service.
[[0;32m  OK  [0m] Started Snappy daemon.
         Starting Wait until snapd is fully seeded...
[[0;32m  OK  [0m] Started Pollinate to seed the pseudo random number generator.
         Starting OpenBSD Secure Shell server...
[[0;32m  OK  [0m] Started OpenBSD Secure Shell server.
[[0;32m  OK  [0m] Created slice User Slice of vagrant.
         Starting User Manager for UID 1000...
[[0;32m  OK  [0m] Started Session 1 of user vagrant.
[[0;32m  OK  [0m] Started User Manager for UID 1000.
[[0;32m  OK  [0m] Started Wait until snapd is fully seeded.
         Starting Apply the settings specified in cloud-config...
[[0;32m  OK  [0m] Reached target Multi-User System.
[[0;32m  OK  [0m] Reached target Graphical Interface.
         Starting Update UTMP about System Runlevel Changes...
[[0;32m  OK  [0m] Started Update UTMP about System Runlevel Changes.
[   13.415120] cloud-init[1393]: Generating locales (this might take a while)...
[   14.823236] cloud-init[1393]:   en_US.UTF-8... done
[   14.825032] cloud-init[1393]: Generation complete.
[   15.408793] cloud-init[1393]: Cloud-init v. 19.2-36-g059d049c-0ubuntu2~16.04.1 running 'modules:config' at Wed, 08 Jan 2020 14:32:39 +0000. Up 13.19 seconds.
[[0;32m  OK  [0m] Started Apply the settings specified in cloud-config.
         Starting Execute cloud user/final scripts...
ci-info: no authorized ssh keys fingerprints found for user ubuntu.
<14>Jan  8 14:32:43 ec2: 
<14>Jan  8 14:32:43 ec2: #############################################################
<14>Jan  8 14:32:43 ec2: -----BEGIN SSH HOST KEY FINGERPRINTS-----
<14>Jan  8 14:32:43 ec2: 1024 SHA256:aHQThb1mCtY3PpUDUQ+hg7EaMd6u2Hzhp5ST/UY0JT4 root@ubuntu-xenial (DSA)
<14>Jan  8 14:32:43 ec2: 256 SHA256:vpqYMBV9iJ7/nqZ74lp5j6g2tva38Cp0ZP/IwQulsLM root@ubuntu-xenial (ECDSA)
<14>Jan  8 14:32:43 ec2: 256 SHA256:qjZqjNx/mOCi8mftbZhTXjjdRjfRaJP0jYGA4oAMRvA root@ubuntu-xenial (ED25519)
<14>Jan  8 14:32:43 ec2: 2048 SHA256:lNIdy6OtGLTBb8oirBiRreaBIPnni+RxbUcI4+6iCPg root@ubuntu-xenial (RSA)
<14>Jan  8 14:32:43 ec2: -----END SSH HOST KEY FINGERPRINTS-----
<14>Jan  8 14:32:43 ec2: #############################################################
-----BEGIN SSH HOST KEY KEYS-----
ecdsa-sha2-nistp256 AAAAE2VjZHNhLXNoYTItbmlzdHAyNTYAAAAIbmlzdHAyNTYAAABBBOW2hzsNezfsJYknvcDTkylUzf+/bOtRyDoaSfXCIdj549Af6LFZJ3oGqMozCgYMLmaw01NB+ya7vLYwf3vYpBE= root@ubuntu-xenial
ssh-ed25519 AAAAC3NzaC1lZDI1NTE5AAAAIP5iQ5IWCOiQz649ZmMt53qosXjk/+DqzI1c2VSdH+Dq root@ubuntu-xenial
ssh-rsa AAAAB3NzaC1yc2EAAAADAQABAAABAQC8FU+O4m46B37UrbEAaagkkOu62bDxXD0iXTT80aT7qw9D3xqwMmie0NbhveTvzu2Z47/MDaMmQBlpAg/+7N1pTe5MTWPaXxmqY1nWhvXq47MqczxuJLxWzEkQuogfRQmTKMlr990twei0EAW2TOxHV3gIYaIXQDw9mQJpkbI4Fy8wFEzb8er2cLwO02fI5ndAprYwSV3/3t7GiKCZyhzFPvrcmUME0pmYSF8cTa9M0OdfP3C1Z1pdg2jrSt1a3eFVeOJMMkkReb12ii4KSdYfO1S6OE6YCphVM0Mn410y+Nk1CW938i2QqA/Wen6QHzrZmp0B0k11AVjnCMHgRjT1 root@ubuntu-xenial
-----END SSH HOST KEY KEYS-----
[   16.475602] cloud-init[1562]: Cloud-init v. 19.2-36-g059d049c-0ubuntu2~16.04.1 running 'modules:final' at Wed, 08 Jan 2020 14:32:42 +0000. Up 16.11 seconds.
[   16.478789] cloud-init[1562]: ci-info: no authorized ssh keys fingerprints found for user ubuntu.
[   16.484447] cloud-init[1562]: Cloud-init v. 19.2-36-g059d049c-0ubuntu2~16.04.1 finished at Wed, 08 Jan 2020 14:32:43 +0000. Datasource DataSourceNoCloud [seed=/dev/sdb][dsmode=net].  Up 16.45 seconds

Ubuntu 16.04.6 LTS ubuntu-xenial ttyS0

ubuntu-xenial login: 